 
****************************************
Report : area
Design : mips_fsm
Version: L-2016.03-SP5-2
Date   : Tue Mar 28 14:56:06 2017
****************************************

Information: Updating design information... (UID-85)
Library(s) Used:

    osu05_stdcells (File: /home/shared/OSU/synopsys/lib/ami05/osu05_stdcells.db)

Number of ports:                           26
Number of nets:                            78
Number of cells:                           70
Number of combinational cells:             66
Number of sequential cells:                 4
Number of macros/black boxes:               0
Number of buf/inv:                         19
Number of references:                       9

Combinational area:              14220.000000
Buf/Inv area:                     2736.000000
Noncombinational area:            3456.000000
Macro/Black Box area:                0.000000
Net Interconnect area:      undefined  (No wire load specified)

Total cell area:                 17676.000000
Total area:                 undefined
1
